0 verbose cli C:\Program Files\nodejs\node.exe C:\Program Files\nodejs\node_modules\npm\bin\npm-cli.js
1 info using npm@9.8.1
2 info using node@v18.18.2
3 timing npm:load:whichnode Completed in 6ms
4 timing config:load:defaults Completed in 2ms
5 timing config:load:file:C:\Program Files\nodejs\node_modules\npm\npmrc Completed in 11ms
6 timing config:load:builtin Completed in 11ms
7 timing config:load:cli Completed in 3ms
8 timing config:load:env Completed in 1ms
9 timing config:load:file:D:\.npmrc Completed in 0ms
10 timing config:load:project Completed in 2ms
11 timing config:load:file:C:\Users\PN 100\.npmrc Completed in 1ms
12 timing config:load:user Completed in 2ms
13 timing config:load:file:C:\Users\PN 100\AppData\Roaming\npm\etc\npmrc Completed in 1ms
14 timing config:load:global Completed in 1ms
15 timing config:load:setEnvs Completed in 1ms
16 timing config:load Completed in 24ms
17 timing npm:load:configload Completed in 24ms
18 timing config:load:flatten Completed in 4ms
19 timing npm:load:mkdirpcache Completed in 0ms
20 timing npm:load:mkdirplogs Completed in 0ms
21 verbose title npm run start:dev
22 verbose argv "run" "start:dev"
23 timing npm:load:setTitle Completed in 1ms
24 timing npm:load:display Completed in 1ms
25 verbose logfile logs-max:10 dir:D:\Angular\kala-market-deployment\kala-market-deployment-mainnpm-cache\_logs\2025-10-13T10_47_30_315Z-
26 verbose logfile D:\Angular\kala-market-deployment\kala-market-deployment-mainnpm-cache\_logs\2025-10-13T10_47_30_315Z-debug-0.log
27 timing npm:load:logFile Completed in 14ms
28 timing npm:load:timers Completed in 0ms
29 timing npm:load:configScope Completed in 1ms
30 timing npm:load Completed in 93ms
31 timing command:run Completed in 218ms
32 verbose stack Error: Could not read package.json: Error: ENOENT: no such file or directory, open 'D:\package.json'
33 verbose cwd D:\Angular\kala-market-deployment
34 verbose Windows_NT 10.0.19045
35 verbose node v18.18.2
36 verbose npm  v9.8.1
37 error code ENOENT
38 error syscall open
39 error path D:\package.json
40 error errno -4058
41 error enoent Could not read package.json: Error: ENOENT: no such file or directory, open 'D:\package.json'
42 error enoent This is related to npm not being able to find a file.
42 error enoent
43 verbose exit -4058
44 timing npm Completed in 524ms
45 verbose code -4058
46 error A complete log of this run can be found in: D:\Angular\kala-market-deployment\kala-market-deployment-mainnpm-cache\_logs\2025-10-13T10_47_30_315Z-debug-0.log
